main.c:96:5:main	8	static
main.c:163:6:SystemClock_Config	72	static
main.c:199:13:MX_TIM2_Init	32	static
main.c:244:13:MX_GPIO_Init	32	static
main.c:290:6:HAL_TIM_PeriodElapsedCallback	16	static
main.c:294:6:checkLedTrafficState	8	static
main.c:343:6:updateTrafficLight	8	static
main.c:391:6:update7SEGbuffer	8	static
main.c:420:6:scan7SEG	8	static
main.c:446:6:display7SEG	16	static
main.c:503:6:checkBtnMode	8	static
main.c:537:6:checkBtnInc	4	static
main.c:557:6:checkBtnDig	4	static
main.c:571:6:checkBtnSet	4	static
main.c:614:6:Error_Handler	4	static,ignoring_inline_asm
