main.c:96:5:main	8	static
main.c:162:6:SystemClock_Config	72	static
main.c:198:13:MX_TIM2_Init	32	static
main.c:243:13:MX_GPIO_Init	32	static
main.c:289:6:HAL_TIM_PeriodElapsedCallback	16	static
main.c:293:6:checkLedTrafficState	8	static
main.c:342:6:updateTrafficLight	8	static
main.c:390:6:update7SEGbuffer	8	static
main.c:419:6:scan7SEG	8	static
main.c:445:6:display7SEG	16	static
main.c:502:6:checkBtnMode	8	static
main.c:536:6:checkBtnInc	4	static
main.c:556:6:checkBtnDig	4	static
main.c:570:6:checkBtnSet	4	static
main.c:613:6:Error_Handler	4	static,ignoring_inline_asm
